// Jest Snapshot v1, https://goo.gl/fbAQLP

exports[`<TextIntro> should render TextIntro Component 1`] = `
<div
  className="text-intro"
>
  <div
    className="preTxt font-italic mb-3"
  >
    Bonjour, moi c'est Jérôme
  </div>
  <h1>
    Développeur Web
  </h1>
  <a
    className="btn btn-dark mt-5"
    href="cv.pdf"
    rel="noreferrer"
    target="_blank"
  >
    Télécharger mon CV !
  </a>
</div>
`;
