// Jest Snapshot v1, https://goo.gl/fbAQLP

exports[`<Reseaux> should render Reseaux Component 1`] = `
<section
  id="reseaux"
>
  <div
    className="container my-5"
  >
    <div
      className="row"
    >
      <div
        className="col-md-3 col-sm-6 text-center"
      >
        <a
          href="https://www.linkedin.com/in/jerome-cnockaert-359a20181/"
          rel="noreferrer"
          target="_blank"
        >
          <img
            alt="linkedin"
            src="linkedin.png"
          />
        </a>
      </div>
      <div
        className="col-md-3 col-sm-6 text-center"
      >
        <a
          href="https://www.instagram.com/cnockaert59223/"
          rel="noreferrer"
          target="_blank"
        >
          <img
            alt="instagram"
            src="instagram.png"
          />
        </a>
      </div>
      <div
        className="col-md-3 col-sm-6 text-center"
      >
        <a
          href="https://twitter.com/Jeje59223"
          rel="noreferrer"
          target="_blank"
        >
          <img
            alt="twitter"
            src="twitter.png"
          />
        </a>
      </div>
      <div
        className="col-md-3 col-sm-6 text-center"
      >
        <a
          href="https://github.com/jeje59223"
          rel="noreferrer"
          target="_blank"
        >
          <img
            alt="github"
            src="github.png"
          />
        </a>
      </div>
    </div>
  </div>
</section>
`;
